Copyright 1986-2022 Xilinx, Inc. All Rights Reserved. Copyright 2022-2023 Advanced Micro Devices, Inc. All Rights Reserved.
---------------------------------------------------------------------------------------------------------------------------------------------
| Tool Version : Vivado v.2023.1 (win64) Build 3865809 Sun May  7 15:05:29 MDT 2023
| Date         : Wed Mar 18 20:18:57 2026
| Host         : PTO0818 running 64-bit major release  (build 9200)
| Command      : report_control_sets -verbose -file lab5_control_sets_placed.rpt
| Design       : lab5
| Device       : xc7a35t
---------------------------------------------------------------------------------------------------------------------------------------------

Control Set Information

Table of Contents
-----------------
1. Summary
2. Histogram
3. Flip-Flop Distribution
4. Detailed Control Set Information

1. Summary
----------

+----------------------------------------------------------+-------+
|                          Status                          | Count |
+----------------------------------------------------------+-------+
| Total control sets                                       |    12 |
|    Minimum number of control sets                        |    12 |
|    Addition due to synthesis replication                 |     0 |
|    Addition due to physical synthesis replication        |     0 |
| Unused register locations in slices containing registers |    36 |
+----------------------------------------------------------+-------+
* Control sets can be merged at opt_design using control_set_merge or merge_equivalent_drivers
** Run report_qor_suggestions for automated merging and remapping suggestions


2. Histogram
------------

+--------------------+-------+
|       Fanout       | Count |
+--------------------+-------+
| Total control sets |    12 |
| >= 0 to < 4        |     0 |
| >= 4 to < 6        |     2 |
| >= 6 to < 8        |     0 |
| >= 8 to < 10       |     4 |
| >= 10 to < 12      |     1 |
| >= 12 to < 14      |     1 |
| >= 14 to < 16      |     1 |
| >= 16              |     3 |
+--------------------+-------+
* Control sets can be remapped at either synth_design or opt_design


3. Flip-Flop Distribution
-------------------------

+--------------+-----------------------+------------------------+-----------------+--------------+
| Clock Enable | Synchronous Set/Reset | Asynchronous Set/Reset | Total Registers | Total Slices |
+--------------+-----------------------+------------------------+-----------------+--------------+
| No           | No                    | No                     |              32 |           16 |
| No           | No                    | Yes                    |               0 |            0 |
| No           | Yes                   | No                     |              34 |           10 |
| Yes          | No                    | No                     |              17 |            4 |
| Yes          | No                    | Yes                    |               0 |            0 |
| Yes          | Yes                   | No                     |              49 |           16 |
+--------------+-----------------------+------------------------+-----------------+--------------+


4. Detailed Control Set Information
-----------------------------------

+----------------+---------------------------------------------+--------------------------------------+------------------+----------------+--------------+
|  Clock Signal  |                Enable Signal                |           Set/Reset Signal           | Slice Load Count | Bel Load Count | Bels / Slice |
+----------------+---------------------------------------------+--------------------------------------+------------------+----------------+--------------+
|  clk_IBUF_BUFG | receiver/dataRdy_reg_0[0]                   | rstSynchronizer/Q[0]                 |                1 |              4 |         4.00 |
|  clk_IBUF_BUFG | transmitter/rdFifo                          | rstSynchronizer/Q[0]                 |                2 |              4 |         2.00 |
|  clk_IBUF_BUFG | receiver/data[7]_i_1_n_0                    | rstSynchronizer/Q[0]                 |                2 |              8 |         4.00 |
|  clk_IBUF_BUFG | receiver/RxDSht                             | rstSynchronizer/Q[0]                 |                2 |              8 |         4.00 |
|  clk_IBUF_BUFG | transmitter/aux_reg[1][0]                   |                                      |                2 |              8 |         4.00 |
|  clk_IBUF_BUFG | receiver/E[0]                               |                                      |                2 |              9 |         4.50 |
|  clk_IBUF_BUFG | receiver/RxDSynchronizer/E[0]               | rstSynchronizer/Q[0]                 |                5 |             11 |         2.20 |
|  clk_IBUF_BUFG | fifo/p_0_in0_out                            |                                      |                2 |             12 |         6.00 |
|  clk_IBUF_BUFG | transmitter/FSM_sequential_state[3]_i_1_n_0 | rstSynchronizer/Q[0]                 |                4 |             14 |         3.50 |
|  clk_IBUF_BUFG |                                             | receiver/baudCnt.count[0]_i_1__0_n_0 |                5 |             17 |         3.40 |
|  clk_IBUF_BUFG |                                             | transmitter/baudCnt.count[0]_i_1_n_0 |                5 |             17 |         3.40 |
|  clk_IBUF_BUFG |                                             |                                      |               16 |             32 |         2.00 |
+----------------+---------------------------------------------+--------------------------------------+------------------+----------------+--------------+


